{"timestamp":"2016-06-08T20:01:52.875791+0000","flow_id":841252990914572,"pcap_cnt":9,"event_type":"fileinfo","src_ip":"188.40.238.250","src_port":80,"dest_ip":"10.16.1.11","dest_port":59908,"proto":"TCP","http":{"hostname":"www.eicar.org","url":"\/download\/eicar.com","http_user_agent":"curl\/7.43.0","http_content_type":"application\/octet-stream","http_method":"GET","protocol":"HTTP\/1.1","status":200,"length":68},"app_proto":"http","fileinfo":{"filename":"eicar.com","state":"CLOSED","stored":false,"size":68,"tx_id":0}}
