{"timestamp":"2015-07-14T11:46:10.214640-0600","flow_id":634711522427892,"pcap_cnt":64,"event_type":"alert","src_ip":"127.0.0.1","src_port":20000,"dest_ip":"127.0.0.1","dest_port":59602,"proto":"TCP","tx_id":16,"alert":{"action":"allowed","gid":1,"signature_id":4,"rev":1,"signature":"DNP3 Data match","category":"","severity":3},"dnp3":{"request":{"type":"request","control":{"dir":true,"pri":true,"fcb":false,"fcv":false,"function_code":4},"src":1,"dst":10,"application":{"control":{"fir":true,"fin":true,"con":false,"uns":false,"sequence":0},"function_code":21,"objects":[{"group":60,"variation":2,"qualifier":6,"prefix_code":0,"range_code":6,"start":0,"stop":0,"count":0},{"group":60,"variation":3,"qualifier":6,"prefix_code":0,"range_code":6,"start":0,"stop":0,"count":0},{"group":60,"variation":4,"qualifier":6,"prefix_code":0,"range_code":6,"start":0,"stop":0,"count":0}],"complete":true}},"response":{"type":"response","control":{"dir":false,"pri":true,"fcb":false,"fcv":false,"function_code":4},"src":10,"dst":1,"application":{"control":{"fir":true,"fin":true,"con":false,"uns":false,"sequence":0},"function_code":129,"objects":[],"complete":true},"iin":{"indicators":["device_restart"]}}},"payload":"BWQKRAEACgBuJcDwgoAAa30FZApEAQAKAG4lwcCBgAC10AVkCkQBAAoAbiXCwYEAAHhsBWT\/RAEACgBa60PCgQAAAQIAAAkCAgICAgJARgICAgIDAgAACQICAgICAgJw2gICAhQBAAAJAgAAAAACAADjCwAAAgAAAAACAAAAAAIAAABNugACAAAAAAIAAAAAAgAAAAB+rgIAAAAAAgAAAAAVAQAACQLTQgAAAAACAAAAAAIAAAAAAgBpzgAAAAIAAAAAAgAAAAACAADdXgAAAgAAAAACAAAAAAIAAABNugAeBQAAAAIAAAAAHgEAAQlB6QIAAAAAAgAAAAACAAAAAALwAwAAAAACAAAAAAIAAAAAAgBpzgAAAAIAAAAAAgAAAAAKAgD4iAAJAgICAgICAgICAigBAAAsagkCAAAAAAIAAAAAAgAAAABgFQIAAAAAAgAAAABOcgVkH0QBAAoAJqWEAgAAAAACAAAAAAIAAAAAO+ICAAAAAAIAAAAATnIFZApEAQAKAG4lxcOBAADDTQVkCkQBAAoAbiXGxIEAAKP+BWQKRAEACgBuJcfFgQAATR8FZBZEAQAKAB2KyPGCAAAWASgBAAAAAQAAABWrAP\/\/BWQKRAEACgBuJcnGgQAAUYoFZApEAQAKAG4lyseBAACzLQVkCkQBAAoAbiXLyIEAAPAtBWQWRAEACgAdiszyggAAFgEoAQAAAAEBAADMewD\/\/wVkCkQBAAoAbiXNyYEAAAwlBWQWRAEACgAdis7zggAAFgEoAQAAAAECAAAEpAD\/\/wVkCkQBAAoAbiXPyoEAAEFpBWQWRAEACgAditD0ggAAFgEoAQAAAAEDAAATTAD\/\/wVkEkQBAAoAc8fR9YIAAAIBKAEAAAAB1zM=","stream":1,"packet":"AAAAAAAAAAAAAAAACABFAAA0XrBAAEAG3hF\/AAABfwAAAU4g6NIGUGtA2MG3koAQAVYzugAAAQEIChjKbJ8Yymyf","packet_info":{"linktype":1}}
{"timestamp":"2015-07-14T11:46:11.685971-0600","flow_id":634711522427892,"pcap_cnt":72,"event_type":"alert","src_ip":"127.0.0.1","src_port":20000,"dest_ip":"127.0.0.1","dest_port":59602,"proto":"TCP","tx_id":18,"alert":{"action":"allowed","gid":1,"signature_id":4,"rev":1,"signature":"DNP3 Data match","category":"","severity":3},"dnp3":{"request":{"type":"request","control":{"dir":true,"pri":true,"fcb":false,"fcv":false,"function_code":4},"src":1,"dst":10,"application":{"control":{"fir":true,"fin":true,"con":false,"uns":false,"sequence":0},"function_code":21,"objects":[{"group":60,"variation":2,"qualifier":6,"prefix_code":0,"range_code":6,"start":0,"stop":0,"count":0},{"group":60,"variation":3,"qualifier":6,"prefix_code":0,"range_code":6,"start":0,"stop":0,"count":0},{"group":60,"variation":4,"qualifier":6,"prefix_code":0,"range_code":6,"start":0,"stop":0,"count":0}],"complete":true}},"response":{"type":"response","control":{"dir":false,"pri":true,"fcb":false,"fcv":false,"function_code":4},"src":10,"dst":1,"application":{"control":{"fir":true,"fin":true,"con":false,"uns":false,"sequence":0},"function_code":129,"objects":[],"complete":true},"iin":{"indicators":["device_restart"]}}},"payload":"BWQKRAEACgBuJcDwgoAAa30FZApEAQAKAG4lwcCBgAC10AVkCkQBAAoAbiXCwYEAAHhsBWT\/RAEACgBa60PCgQAAAQIAAAkCAgICAgJARgICAgIDAgAACQICAgICAgJw2gICAhQBAAAJAgAAAAACAADjCwAAAgAAAAACAAAAAAIAAABNugACAAAAAAIAAAAAAgAAAAB+rgIAAAAAAgAAAAAVAQAACQLTQgAAAAACAAAAAAIAAAAAAgBpzgAAAAIAAAAAAgAAAAACAADdXgAAAgAAAAACAAAAAAIAAABNugAeBQAAAAIAAAAAHgEAAQlB6QIAAAAAAgAAAAACAAAAAALwAwAAAAACAAAAAAIAAAAAAgBpzgAAAAIAAAAAAgAAAAAKAgD4iAAJAgICAgICAgICAigBAAAsagkCAAAAAAIAAAAAAgAAAABgFQIAAAAAAgAAAABOcgVkH0QBAAoAJqWEAgAAAAACAAAAAAIAAAAAO+ICAAAAAAIAAAAATnIFZApEAQAKAG4lxcOBAADDTQVkCkQBAAoAbiXGxIEAAKP+BWQKRAEACgBuJcfFgQAATR8FZBZEAQAKAB2KyPGCAAAWASgBAAAAAQAAABWrAP\/\/BWQKRAEACgBuJcnGgQAAUYoFZApEAQAKAG4lyseBAACzLQVkCkQBAAoAbiXLyIEAAPAtBWQWRAEACgAdiszyggAAFgEoAQAAAAEBAADMewD\/\/wVkCkQBAAoAbiXNyYEAAAwlBWQWRAEACgAdis7zggAAFgEoAQAAAAECAAAEpAD\/\/wVkCkQBAAoAbiXPyoEAAEFpBWQWRAEACgAditD0ggAAFgEoAQAAAAEDAAATTAD\/\/wVkEkQBAAoAc8fR9YIAAAIBKAEAAAAB1zMFZApEAQAKAG4l0suBAABs+wVkEkQBAAoAc8fT9oIAAAIBKAEAAACBTVM=","stream":1,"packet":"AAAAAAAAAAAAAAAACABFAAA0XrRAAEAG3g1\/AAABfwAAAU4g6NIGUGtq2MG3s4AQAVYoFwAAAQEIChjKcl8YynI3","packet_info":{"linktype":1}}
{"timestamp":"2015-07-14T11:46:12.685991-0600","flow_id":634711522427892,"pcap_cnt":80,"event_type":"alert","src_ip":"127.0.0.1","src_port":20000,"dest_ip":"127.0.0.1","dest_port":59602,"proto":"TCP","tx_id":20,"alert":{"action":"allowed","gid":1,"signature_id":4,"rev":1,"signature":"DNP3 Data match","category":"","severity":3},"dnp3":{"request":{"type":"request","control":{"dir":true,"pri":true,"fcb":false,"fcv":false,"function_code":4},"src":1,"dst":10,"application":{"control":{"fir":true,"fin":true,"con":false,"uns":false,"sequence":0},"function_code":21,"objects":[{"group":60,"variation":2,"qualifier":6,"prefix_code":0,"range_code":6,"start":0,"stop":0,"count":0},{"group":60,"variation":3,"qualifier":6,"prefix_code":0,"range_code":6,"start":0,"stop":0,"count":0},{"group":60,"variation":4,"qualifier":6,"prefix_code":0,"range_code":6,"start":0,"stop":0,"count":0}],"complete":true}},"response":{"type":"response","control":{"dir":false,"pri":true,"fcb":false,"fcv":false,"function_code":4},"src":10,"dst":1,"application":{"control":{"fir":true,"fin":true,"con":false,"uns":false,"sequence":0},"function_code":129,"objects":[],"complete":true},"iin":{"indicators":["device_restart"]}}},"payload":"BWQKRAEACgBuJcDwgoAAa30FZApEAQAKAG4lwcCBgAC10AVkCkQBAAoAbiXCwYEAAHhsBWT\/RAEACgBa60PCgQAAAQIAAAkCAgICAgJARgICAgIDAgAACQICAgICAgJw2gICAhQBAAAJAgAAAAACAADjCwAAAgAAAAACAAAAAAIAAABNugACAAAAAAIAAAAAAgAAAAB+rgIAAAAAAgAAAAAVAQAACQLTQgAAAAACAAAAAAIAAAAAAgBpzgAAAAIAAAAAAgAAAAACAADdXgAAAgAAAAACAAAAAAIAAABNugAeBQAAAAIAAAAAHgEAAQlB6QIAAAAAAgAAAAACAAAAAALwAwAAAAACAAAAAAIAAAAAAgBpzgAAAAIAAAAAAgAAAAAKAgD4iAAJAgICAgICAgICAigBAAAsagkCAAAAAAIAAAAAAgAAAABgFQIAAAAAAgAAAABOcgVkH0QBAAoAJqWEAgAAAAACAAAAAAIAAAAAO+ICAAAAAAIAAAAATnIFZApEAQAKAG4lxcOBAADDTQVkCkQBAAoAbiXGxIEAAKP+BWQKRAEACgBuJcfFgQAATR8FZBZEAQAKAB2KyPGCAAAWASgBAAAAAQAAABWrAP\/\/BWQKRAEACgBuJcnGgQAAUYoFZApEAQAKAG4lyseBAACzLQVkCkQBAAoAbiXLyIEAAPAtBWQWRAEACgAdiszyggAAFgEoAQAAAAEBAADMewD\/\/wVkCkQBAAoAbiXNyYEAAAwlBWQWRAEACgAdis7zggAAFgEoAQAAAAECAAAEpAD\/\/wVkCkQBAAoAbiXPyoEAAEFpBWQWRAEACgAditD0ggAAFgEoAQAAAAEDAAATTAD\/\/wVkEkQBAAoAc8fR9YIAAAIBKAEAAAAB1zMFZApEAQAKAG4l0suBAABs+wVkEkQBAAoAc8fT9oIAAAIBKAEAAACBTVMFZApEAQAKAG4l1MyBAAAS5wVkEkQBAAoAc8fV94IAAAIBKAEAAAAB9ZY=","stream":1,"packet":"AAAAAAAAAAAAAAAACABFAAA0XrhAAEAG3gl\/AAABfwAAAU4g6NIGUGuU2MG31IAQAVYf\/AAAAQEIChjKdkcYynYf","packet_info":{"linktype":1}}
{"timestamp":"2015-07-14T11:46:13.630138-0600","flow_id":634711522427892,"pcap_cnt":83,"event_type":"alert","src_ip":"127.0.0.1","src_port":20000,"dest_ip":"127.0.0.1","dest_port":59602,"proto":"TCP","tx_id":21,"alert":{"action":"allowed","gid":1,"signature_id":4,"rev":1,"signature":"DNP3 Data match","category":"","severity":3},"dnp3":{"request":{"type":"request","control":{"dir":true,"pri":true,"fcb":false,"fcv":false,"function_code":4},"src":1,"dst":10,"application":{"control":{"fir":true,"fin":true,"con":false,"uns":false,"sequence":0},"function_code":21,"objects":[{"group":60,"variation":2,"qualifier":6,"prefix_code":0,"range_code":6,"start":0,"stop":0,"count":0},{"group":60,"variation":3,"qualifier":6,"prefix_code":0,"range_code":6,"start":0,"stop":0,"count":0},{"group":60,"variation":4,"qualifier":6,"prefix_code":0,"range_code":6,"start":0,"stop":0,"count":0}],"complete":true}},"response":{"type":"response","control":{"dir":false,"pri":true,"fcb":false,"fcv":false,"function_code":4},"src":10,"dst":1,"application":{"control":{"fir":true,"fin":true,"con":false,"uns":false,"sequence":0},"function_code":129,"objects":[],"complete":true},"iin":{"indicators":["device_restart"]}}},"payload":"BWQKRAEACgBuJcDwgoAAa30FZApEAQAKAG4lwcCBgAC10AVkCkQBAAoAbiXCwYEAAHhsBWT\/RAEACgBa60PCgQAAAQIAAAkCAgICAgJARgICAgIDAgAACQICAgICAgJw2gICAhQBAAAJAgAAAAACAADjCwAAAgAAAAACAAAAAAIAAABNugACAAAAAAIAAAAAAgAAAAB+rgIAAAAAAgAAAAAVAQAACQLTQgAAAAACAAAAAAIAAAAAAgBpzgAAAAIAAAAAAgAAAAACAADdXgAAAgAAAAACAAAAAAIAAABNugAeBQAAAAIAAAAAHgEAAQlB6QIAAAAAAgAAAAACAAAAAALwAwAAAAACAAAAAAIAAAAAAgBpzgAAAAIAAAAAAgAAAAAKAgD4iAAJAgICAgICAgICAigBAAAsagkCAAAAAAIAAAAAAgAAAABgFQIAAAAAAgAAAABOcgVkH0QBAAoAJqWEAgAAAAACAAAAAAIAAAAAO+ICAAAAAAIAAAAATnIFZApEAQAKAG4lxcOBAADDTQVkCkQBAAoAbiXGxIEAAKP+BWQKRAEACgBuJcfFgQAATR8FZBZEAQAKAB2KyPGCAAAWASgBAAAAAQAAABWrAP\/\/BWQKRAEACgBuJcnGgQAAUYoFZApEAQAKAG4lyseBAACzLQVkCkQBAAoAbiXLyIEAAPAtBWQWRAEACgAdiszyggAAFgEoAQAAAAEBAADMewD\/\/wVkCkQBAAoAbiXNyYEAAAwlBWQWRAEACgAdis7zggAAFgEoAQAAAAECAAAEpAD\/\/wVkCkQBAAoAbiXPyoEAAEFpBWQWRAEACgAditD0ggAAFgEoAQAAAAEDAAATTAD\/\/wVkEkQBAAoAc8fR9YIAAAIBKAEAAAAB1zMFZApEAQAKAG4l0suBAABs+wVkEkQBAAoAc8fT9oIAAAIBKAEAAACBTVMFZApEAQAKAG4l1MyBAAAS5wVkEkQBAAoAc8fV94IAAAIBKAEAAAAB9ZYFZBJEAQAKAHPH1viCAAACASgBAAAAgW0F","stream":1,"packet":"AAAAAAAAAAAAAAAACABFAAA0XrpAAEAG3gd\/AAABfwAAAU4g6NIGUGut2MG344AQAVYYTAAAAQEIChjKefcYynn3","packet_info":{"linktype":1}}
