{"timestamp":"2016-07-13T16:42:07.388030-0600","flow_id":1842518484315070,"pcap_cnt":1,"event_type":"alert","src_ip":"82.165.177.154","src_port":80,"dest_ip":"10.16.1.11","dest_port":54186,"proto":"TCP","alert":{"action":"allowed","gid":1,"signature_id":2,"rev":7,"signature":"GPL ATTACK_RESPONSE id check returned root","category":"Potentially Bad Traffic","severity":2},"payload":"SFRUUC8xLjEgMjAwIE9LDQpEYXRlOiBXZWQsIDEzIEp1bCAyMDE2IDIyOjQyOjA3IEdNVA0KU2VydmVyOiBBcGFjaGUNCkxhc3QtTW9kaWZpZWQ6IE1vbiwgMTUgSmFuIDIwMDcgMjM6MTE6NTUgR01UDQpFVGFnOiAiMTgxYzg0OWEtMjctNDI3MWM1ZjFhYzRjMCINCkFjY2VwdC1SYW5nZXM6IGJ5dGVzDQpDb250ZW50LUxlbmd0aDogMzkNCkNvbnRlbnQtVHlwZTogdGV4dC9odG1sDQoNCnVpZD0wKHJvb3QpIGdpZD0wKHJvb3QpIGdyb3Vwcz0wKHJvb3QpCg==","payload_printable":"HTTP\/1.1 200 OK\r\nDate: Wed, 13 Jul 2016 22:42:07 GMT\r\nServer: Apache\r\nLast-Modified: Mon, 15 Jan 2007 23:11:55 GMT\r\nETag: \"181c849a-27-4271c5f1ac4c0\"\r\nAccept-Ranges: bytes\r\nContent-Length: 39\r\nContent-Type: text\/html\r\n\r\nuid=0(root) gid=0(root) groups=0(root)\n","stream":0,"packet":"2MuK7aFGABUXDQb3CABFAAErVHNAADEG5P9SpbGaChABCwBQ06qX5tInesioD1AYAUvACwAASFRUUC8xLjEgMjAwIE9LDQpEYXRlOiBXZWQsIDEzIEp1bCAyMDE2IDIyOjQyOjA3IEdNVA0KU2VydmVyOiBBcGFjaGUNCkxhc3QtTW9kaWZpZWQ6IE1vbiwgMTUgSmFuIDIwMDcgMjM6MTE6NTUgR01UDQpFVGFnOiAiMTgxYzg0OWEtMjctNDI3MWM1ZjFhYzRjMCINCkFjY2VwdC1SYW5nZXM6IGJ5dGVzDQpDb250ZW50LUxlbmd0aDogMzkNCkNvbnRlbnQtVHlwZTogdGV4dC9odG1sDQoNCnVpZD0wKHJvb3QpIGdpZD0wKHJvb3QpIGdyb3Vwcz0wKHJvb3QpCg==","packet_info":{"linktype":1}}
