{"timestamp":"2017-01-26T20:16:58.270700+0000","flow_id":358186737135978,"pcap_cnt":5,"event_type":"dns","src_ip":"10.16.1.11","src_port":38195,"dest_ip":"8.8.4.4","dest_port":53,"proto":"TCP","dns":{"type":"query","id":24440,"rrname":"www.google.com","rrtype":"A","tx_id":0}}
{"timestamp":"2017-01-26T20:16:58.270740+0000","flow_id":358186737135978,"pcap_cnt":7,"event_type":"dns","src_ip":"10.16.1.11","src_port":38195,"dest_ip":"8.8.4.4","dest_port":53,"proto":"TCP","dns":{"type":"answer","id":24440,"rcode":"NOERROR","rrname":"www.google.com","rrtype":"A","ttl":8,"rdata":"216.197.242.244"}}
{"timestamp":"2017-01-26T20:16:58.270740+0000","flow_id":358186737135978,"pcap_cnt":7,"event_type":"dns","src_ip":"10.16.1.11","src_port":38195,"dest_ip":"8.8.4.4","dest_port":53,"proto":"TCP","dns":{"type":"answer","id":24440,"rcode":"NOERROR","rrname":"www.google.com","rrtype":"A","ttl":8,"rdata":"216.197.242.224"}}
{"timestamp":"2017-01-26T20:16:58.270740+0000","flow_id":358186737135978,"pcap_cnt":7,"event_type":"dns","src_ip":"10.16.1.11","src_port":38195,"dest_ip":"8.8.4.4","dest_port":53,"proto":"TCP","dns":{"type":"answer","id":24440,"rcode":"NOERROR","rrname":"www.google.com","rrtype":"A","ttl":8,"rdata":"216.197.242.238"}}
{"timestamp":"2017-01-26T20:16:58.270740+0000","flow_id":358186737135978,"pcap_cnt":7,"event_type":"dns","src_ip":"10.16.1.11","src_port":38195,"dest_ip":"8.8.4.4","dest_port":53,"proto":"TCP","dns":{"type":"answer","id":24440,"rcode":"NOERROR","rrname":"www.google.com","rrtype":"A","ttl":8,"rdata":"216.197.242.210"}}
{"timestamp":"2017-01-26T20:16:58.270740+0000","flow_id":358186737135978,"pcap_cnt":7,"event_type":"dns","src_ip":"10.16.1.11","src_port":38195,"dest_ip":"8.8.4.4","dest_port":53,"proto":"TCP","dns":{"type":"answer","id":24440,"rcode":"NOERROR","rrname":"www.google.com","rrtype":"A","ttl":8,"rdata":"216.197.242.230"}}
{"timestamp":"2017-01-26T20:16:58.270740+0000","flow_id":358186737135978,"pcap_cnt":7,"event_type":"dns","src_ip":"10.16.1.11","src_port":38195,"dest_ip":"8.8.4.4","dest_port":53,"proto":"TCP","dns":{"type":"answer","id":24440,"rcode":"NOERROR","rrname":"www.google.com","rrtype":"A","ttl":8,"rdata":"216.197.242.223"}}
{"timestamp":"2017-01-26T20:16:58.270740+0000","flow_id":358186737135978,"pcap_cnt":7,"event_type":"dns","src_ip":"10.16.1.11","src_port":38195,"dest_ip":"8.8.4.4","dest_port":53,"proto":"TCP","dns":{"type":"answer","id":24440,"rcode":"NOERROR","rrname":"www.google.com","rrtype":"A","ttl":8,"rdata":"216.197.242.245"}}
{"timestamp":"2017-01-26T20:16:58.270740+0000","flow_id":358186737135978,"pcap_cnt":7,"event_type":"dns","src_ip":"10.16.1.11","src_port":38195,"dest_ip":"8.8.4.4","dest_port":53,"proto":"TCP","dns":{"type":"answer","id":24440,"rcode":"NOERROR","rrname":"www.google.com","rrtype":"A","ttl":8,"rdata":"216.197.242.231"}}
{"timestamp":"2017-01-26T20:16:58.270740+0000","flow_id":358186737135978,"pcap_cnt":7,"event_type":"dns","src_ip":"10.16.1.11","src_port":38195,"dest_ip":"8.8.4.4","dest_port":53,"proto":"TCP","dns":{"type":"answer","id":24440,"rcode":"NOERROR","rrname":"www.google.com","rrtype":"A","ttl":8,"rdata":"216.197.242.251"}}
{"timestamp":"2017-01-26T20:16:58.270740+0000","flow_id":358186737135978,"pcap_cnt":7,"event_type":"dns","src_ip":"10.16.1.11","src_port":38195,"dest_ip":"8.8.4.4","dest_port":53,"proto":"TCP","dns":{"type":"answer","id":24440,"rcode":"NOERROR","rrname":"www.google.com","rrtype":"A","ttl":8,"rdata":"216.197.242.237"}}
{"timestamp":"2017-01-26T20:16:58.270740+0000","flow_id":358186737135978,"pcap_cnt":7,"event_type":"dns","src_ip":"10.16.1.11","src_port":38195,"dest_ip":"8.8.4.4","dest_port":53,"proto":"TCP","dns":{"type":"answer","id":24440,"rcode":"NOERROR","rrname":"www.google.com","rrtype":"A","ttl":8,"rdata":"216.197.242.217"}}
{"timestamp":"2017-01-26T20:16:58.270740+0000","flow_id":358186737135978,"pcap_cnt":7,"event_type":"dns","src_ip":"10.16.1.11","src_port":38195,"dest_ip":"8.8.4.4","dest_port":53,"proto":"TCP","dns":{"type":"answer","id":24440,"rcode":"NOERROR","rrname":"www.google.com","rrtype":"A","ttl":8,"rdata":"216.197.242.216"}}
{"timestamp":"2017-01-26T20:16:58.309492+0000","flow_id":358186737135978,"event_type":"flow","src_ip":"10.16.1.11","src_port":38195,"dest_ip":"8.8.4.4","dest_port":53,"proto":"TCP","app_proto":"dns","flow":{"pkts_toserver":6,"pkts_toclient":4,"bytes_toserver":461,"bytes_toclient":509,"start":"2017-01-26T20:16:58.192874+0000","end":"2017-01-26T20:16:58.309492+0000","age":0,"state":"closed","reason":"shutdown","alerted":false},"tcp":{"tcp_flags":"1b","tcp_flags_ts":"1b","tcp_flags_tc":"1b","syn":true,"fin":true,"psh":true,"ack":true,"state":"closed"}}
