{"timestamp":"2016-10-14T15:29:08.218361+0000","flow_id":1078835550639353,"pcap_cnt":1,"event_type":"dns","src_ip":"10.16.1.11","src_port":55487,"dest_ip":"10.16.1.1","dest_port":53,"proto":"UDP","dns":{"type":"query","id":57403,"rrname":"suricon.net","rrtype":"A","tx_id":0}}
{"timestamp":"2016-10-14T15:29:08.218864+0000","flow_id":1078835550639353,"pcap_cnt":2,"event_type":"dns","src_ip":"10.16.1.1","src_port":53,"dest_ip":"10.16.1.11","dest_port":55487,"proto":"UDP","dns":{"type":"answer","id":57403,"rcode":"NOERROR","rrname":"suricon.net","rrtype":"A","ttl":14379,"rdata":"181.224.138.142"}}
