{"timestamp":"2015-07-14T11:45:56.279980-0600","flow_id":634711522427892,"pcap_cnt":7,"event_type":"alert","src_ip":"127.0.0.1","src_port":59602,"dest_ip":"127.0.0.1","dest_port":20000,"proto":"TCP","tx_id":0,"alert":{"action":"allowed","gid":1,"signature_id":1,"rev":1,"signature":"DNP3 Function code test bi-directional","category":"","severity":3},"dnp3":{"request":{"type":"request","control":{"dir":true,"pri":true,"fcb":false,"fcv":false,"function_code":4},"src":1,"dst":10,"application":{"control":{"fir":true,"fin":true,"con":false,"uns":false,"sequence":0},"function_code":21,"objects":[{"group":60,"variation":2,"qualifier":6,"prefix_code":0,"range_code":6,"start":0,"stop":0,"count":0},{"group":60,"variation":3,"qualifier":6,"prefix_code":0,"range_code":6,"start":0,"stop":0,"count":0},{"group":60,"variation":4,"qualifier":6,"prefix_code":0,"range_code":6,"start":0,"stop":0,"count":0}],"complete":true}}},"payload":"BWQRxAoAAQAGFcDAFTwCBjwDBjwEBhpV","stream":1,"packet":"AAAAAAAAAAAAAAAACABFAAA0gGxAAEAGvFV\/AAABfwAAAejSTiDYwbZyBlBotYAQAVb+KAAAAQEIChjKNjEYyjYw","packet_info":{"linktype":1}}
{"timestamp":"2015-07-14T11:45:56.279980-0600","flow_id":634711522427892,"pcap_cnt":7,"event_type":"alert","src_ip":"127.0.0.1","src_port":59602,"dest_ip":"127.0.0.1","dest_port":20000,"proto":"TCP","dnp3":{"request":{"type":"request","control":{"dir":true,"pri":true,"fcb":false,"fcv":false,"function_code":4},"src":1,"dst":10,"application":{"control":{"fir":true,"fin":true,"con":false,"uns":false,"sequence":0},"function_code":21,"objects":[{"group":60,"variation":2,"qualifier":6,"prefix_code":0,"range_code":6,"start":0,"stop":0,"count":0},{"group":60,"variation":3,"qualifier":6,"prefix_code":0,"range_code":6,"start":0,"stop":0,"count":0},{"group":60,"variation":4,"qualifier":6,"prefix_code":0,"range_code":6,"start":0,"stop":0,"count":0}],"complete":true}}},"payload":"BWQRxAoAAQAGFcDAFTwCBjwDBjwEBhpV","stream":1,"packet":"AAAAAAAAAAAAAAAACABFAAA0gGxAAEAGvFV\/AAABfwAAAejSTiDYwbZyBlBotYAQAVb+KAAAAQEIChjKNjEYyjYw","packet_info":{"linktype":1},"tx_id":0,"alert":{"action":"allowed","gid":1,"signature_id":2,"rev":1,"signature":"DNP3 Function code test to-server","category":"","severity":3}}
