{"timestamp":"2016-09-19T15:13:55.657253+0000","flow_id":1880489165303449,"pcap_cnt":12,"event_type":"tls","src_ip":"10.16.1.11","src_port":54684,"dest_ip":"24.244.4.23","dest_port":443,"proto":"TCP","tls":{"subject":"C=US, ST=California, L=Mountain View, O=Google Inc, CN=www.google.com","issuerdn":"C=US, O=Google Inc, CN=Google Internet Authority G2","fingerprint":"90:86:a4:3b:f5:cf:1b:2e:4e:f7:97:96:f9:de:ba:b9:66:35:86:3f","sni":"www.google.com","version":"TLS 1.2","notbefore":"2016-09-14T08:20:40","notafter":"2016-12-07T08:19:00"}}
